=== System Information ===
Timestamp: Thu Apr  9 18:19:48 CDT 2026
Hostname: mac.lan
OS: Darwin mac.lan 25.3.0 Darwin Kernel Version 25.3.0: Wed Jan 28 20:49:24 PST 2026; root:xnu-12377.81.4~5/RELEASE_ARM64_T8132 arm64
Shell: /bin/bash
User: alice

=== Memory ===
Mach Virtual Memory Statistics: (page size of 16384 bytes)
Pages free:                               13059.
Pages active:                            377801.
Pages inactive:                          363470.
Pages speculative:                        22566.
Pages throttled:                              0.
Pages wired down:                        143441.
Pages purgeable:                          12693.
"Translation faults":                2555653419.
Pages copy-on-write:                   49844411.
Pages zero filled:                   1484165635.
Pages reactivated:                    354656941.
Pages purged:                         111664807.
File-backed pages:                       351220.
Anonymous pages:                         412617.
Pages stored in compressor:              857493.
Pages occupied by compressor:             88276.
Decompressions:                       355185414.
Compressions:                         423264862.
Pageins:                              135337428.
Pageouts:                               2753327.
Swapins:                               32479613.
Swapouts:                              35442671.

=== Disk Space ===
Filesystem        Size    Used   Avail Capacity iused ifree %iused  Mounted on
/dev/disk3s1s1   460Gi    11Gi   136Gi     8%    453k  1.4G    0%   /
devfs            203Ki   203Ki     0Bi   100%     702     0  100%   /dev
/dev/disk3s6     460Gi   7.0Gi   136Gi     5%       7  1.4G    0%   /System/Volumes/VM
/dev/disk3s2     460Gi   9.3Gi   136Gi     7%    1.9k  1.4G    0%   /System/Volumes/Preboot
/dev/disk3s4     460Gi   5.0Mi   136Gi     1%      67  1.4G    0%   /System/Volumes/Update
/dev/disk1s2     500Mi   6.0Mi   482Mi     2%       1  4.9M    0%   /System/Volumes/xarts
/dev/disk1s1     500Mi   6.0Mi   482Mi     2%      36  4.9M    0%   /System/Volumes/iSCPreboot
/dev/disk1s3     500Mi   904Ki   482Mi     1%      93  4.9M    0%   /System/Volumes/Hardware
/dev/disk3s5     460Gi   294Gi   136Gi    69%    1.6M  1.4G    0%   /System/Volumes/Data

