=== System Information ===
Timestamp: Thu Apr  9 17:45:59 CDT 2026
Hostname: mac.lan
OS: Darwin mac.lan 25.3.0 Darwin Kernel Version 25.3.0: Wed Jan 28 20:49:24 PST 2026; root:xnu-12377.81.4~5/RELEASE_ARM64_T8132 arm64
Shell: /bin/bash
User: alice

=== Memory ===
Mach Virtual Memory Statistics: (page size of 16384 bytes)
Pages free:                                4634.
Pages active:                            400870.
Pages inactive:                          398900.
Pages speculative:                         1887.
Pages throttled:                              0.
Pages wired down:                        146089.
Pages purgeable:                          18417.
"Translation faults":                2549249645.
Pages copy-on-write:                   49749179.
Pages zero filled:                   1482288475.
Pages reactivated:                    352993848.
Pages purged:                         111422777.
File-backed pages:                       161296.
Anonymous pages:                         640361.
Pages stored in compressor:              642871.
Pages occupied by compressor:             56520.
Decompressions:                       354108874.
Compressions:                         421731018.
Pageins:                              132256748.
Pageouts:                               2751286.
Swapins:                               32279057.
Swapouts:                              35084467.

=== Disk Space ===
Filesystem        Size    Used   Avail Capacity iused ifree %iused  Mounted on
/dev/disk3s1s1   460Gi    11Gi   138Gi     8%    453k  1.4G    0%   /
devfs            203Ki   203Ki     0Bi   100%     702     0  100%   /dev
/dev/disk3s6     460Gi   5.0Gi   138Gi     4%       5  1.4G    0%   /System/Volumes/VM
/dev/disk3s2     460Gi   9.3Gi   138Gi     7%    1.9k  1.4G    0%   /System/Volumes/Preboot
/dev/disk3s4     460Gi   5.0Mi   138Gi     1%      67  1.4G    0%   /System/Volumes/Update
/dev/disk1s2     500Mi   6.0Mi   482Mi     2%       1  4.9M    0%   /System/Volumes/xarts
/dev/disk1s1     500Mi   6.0Mi   482Mi     2%      36  4.9M    0%   /System/Volumes/iSCPreboot
/dev/disk1s3     500Mi   904Ki   482Mi     1%      93  4.9M    0%   /System/Volumes/Hardware
/dev/disk3s5     460Gi   294Gi   138Gi    69%    1.6M  1.4G    0%   /System/Volumes/Data

